// Jest Snapshot v1, https://goo.gl/fbAQLP

exports[`<NotFound /> renders properly 1`] = `
.c0 {
  display: -webkit-box;
  display: -webkit-flex;
  display: -ms-flexbox;
  display: flex;
  -webkit-box-pack: center;
  -webkit-justify-content: center;
  -ms-flex-pack: center;
  justify-content: center;
}

<div
  className="c0"
>
  <p>
    Awesome, you've earned a 404. Tell your friends...
  </p>
</div>
`;
