// Jest Snapshot v1, https://goo.gl/fbAQLP

exports[`FavoritesContainer should render correctly the FavoritesContainer 1`] = `
ShallowWrapper {
  "length": 1,
  Symbol(enzyme.__root__): [Circular],
  Symbol(enzyme.__unrendered__): <FavoritesContainer
    gifs={Array []}
    loadFavorites={[Function]}
    match={
        Object {
            "path": "/",
          }
    }
    searchFavorites={[Function]}
    setPath={[Function]}
/>,
  Symbol(enzyme.__renderer__): Object {
    "batchedUpdates": [Function],
    "getNode": [Function],
    "render": [Function],
    "simulateEvent": [Function],
    "unmount": [Function],
  },
  Symbol(enzyme.__node__): Object {
    "instance": null,
    "key": undefined,
    "nodeType": "function",
    "props": Object {
      "gifs": Array [],
      "loadFavorites": [Function],
      "match": Object {
        "path": "/",
      },
      "searchFavorites": [Function],
      "setPath": [Function],
    },
    "ref": null,
    "rendered": null,
    "type": [Function],
  },
  Symbol(enzyme.__nodes__): Array [
    Object {
      "instance": null,
      "key": undefined,
      "nodeType": "function",
      "props": Object {
        "gifs": Array [],
        "loadFavorites": [Function],
        "match": Object {
          "path": "/",
        },
        "searchFavorites": [Function],
        "setPath": [Function],
      },
      "ref": null,
      "rendered": null,
      "type": [Function],
    },
  ],
  Symbol(enzyme.__options__): Object {
    "adapter": ReactSixteenAdapter {
      "options": Object {
        "enableComponentDidUpdateOnSetState": true,
      },
    },
  },
}
`;
