// Jest Snapshot v1, https://goo.gl/fbAQLP

exports[`Detail component should render component 1`] = `
<div
  className="sc-bdVaJa cbIwnt"
>
  <div
    style={Object {}}
  >
    <p
      className="sc-bwzfXH otGqO"
    >
      Detail
    </p>
    <img
      className="sc-bxivhb gUOyqx"
      onClick={[Function]}
      src={
        Object {
          "process": [Function],
        }
      }
    />
    <img
      className="sc-bxivhb gUOyqx"
      onClick={[Function]}
      src={
        Object {
          "process": [Function],
        }
      }
    />
  </div>
  <div
    style={
      Object {
        "display": "inline-flex",
        "marginTop": "15px",
      }
    }
  >
    <div
      className="sc-gzVnrw hLMxiO"
    >
      <p
        className="sc-dnqmqq dysggb"
      >
        404
      </p>
      <p
        className="sc-iwsKbI fKNdwq"
      >
        The requested url was not found
      </p>
    </div>
  </div>
</div>
`;

exports[`Detail component should render component 2`] = `
<div
  className="sc-bdVaJa cbIwnt"
>
  <div
    style={Object {}}
  >
    <p
      className="sc-bwzfXH otGqO"
    >
      Detail
    </p>
    <img
      className="sc-bxivhb gUOyqx"
      onClick={[Function]}
      src={
        Object {
          "process": [Function],
        }
      }
    />
    <img
      className="sc-bxivhb gUOyqx"
      onClick={[Function]}
      src={
        Object {
          "process": [Function],
        }
      }
    />
  </div>
  <div
    style={
      Object {
        "display": "inline-flex",
        "marginTop": "15px",
      }
    }
  >
    <div
      className="sc-gzVnrw hLMxiO"
    >
      <p
        className="sc-dnqmqq dysggb"
      >
        404
      </p>
      <p
        className="sc-iwsKbI fKNdwq"
      >
        The requested url was not found
      </p>
    </div>
  </div>
</div>
`;

exports[`Detail component should render component 3`] = `
<div
  className="sc-bdVaJa cbIwnt"
>
  <div
    style={Object {}}
  >
    <p
      className="sc-bwzfXH otGqO"
    >
      Detail
    </p>
    <img
      className="sc-bxivhb gUOyqx"
      onClick={[Function]}
      src={
        Object {
          "process": [Function],
        }
      }
    />
    <img
      className="sc-bxivhb gUOyqx"
      onClick={[Function]}
      src={
        Object {
          "process": [Function],
        }
      }
    />
  </div>
  <div
    style={
      Object {
        "display": "inline-flex",
        "marginTop": "15px",
      }
    }
  >
    <div
      className="sc-gzVnrw hLMxiO"
    >
      <p
        className="sc-dnqmqq dysggb"
      >
        404
      </p>
      <p
        className="sc-iwsKbI fKNdwq"
      >
        The requested url was not found
      </p>
    </div>
  </div>
</div>
`;
