// Jest Snapshot v1, https://goo.gl/fbAQLP

exports[`Menu should render without crashing 1`] = `
<styled.div>
  <MenuItemList
    items={
      Array [
        Object {
          "component": [Function],
          "route": "test",
          "title": "Test",
        },
      ]
    }
  />
</styled.div>
`;
