// Jest Snapshot v1, https://goo.gl/fbAQLP

exports[`Details matches GifTile snapshot 1`] = `
<Details
  fetchById={[Function]}
  singleGif={
    Object {
      "bitly_gif_url": "http://gph.is/1fIdLOl",
      "bitly_url": "http://gph.is/1fIdLOl",
      "caption": "",
      "content_url": "",
      "embed_url": "http://giphy.com/embed/FiGiRei2ICzzG",
      "id": "FiGiRei2ICzzG",
      "images": Object {
        "downsized": Object {
          "height": "176",
          "size": "426811",
          "url": "http://media2.giphy.com/media/FiGiRei2ICzzG/giphy.gif",
          "width": "500",
        },
        "downsized_large": Object {
          "height": "176",
          "size": "426811",
          "url": "http://media2.giphy.com/media/FiGiRei2ICzzG/giphy.gif",
          "width": "500",
        },
        "downsized_still": Object {
          "height": "176",
          "url": "http://media2.giphy.com/media/FiGiRei2ICzzG/giphy_s.gif",
          "width": "500",
        },
        "fixed_height": Object {
          "height": "200",
          "mp4": "http://media2.giphy.com/media/FiGiRei2ICzzG/200.mp4",
          "mp4_size": "13866",
          "size": "460622",
          "url": "http://media2.giphy.com/media/FiGiRei2ICzzG/200.gif",
          "webp": "http://media2.giphy.com/media/FiGiRei2ICzzG/200.webp",
          "webp_size": "367786",
          "width": "568",
        },
        "fixed_height_downsampled": Object {
          "height": "200",
          "size": "476276",
          "url": "http://media2.giphy.com/media/FiGiRei2ICzzG/200_d.gif",
          "webp": "http://media2.giphy.com/media/FiGiRei2ICzzG/200_d.webp",
          "webp_size": "100890",
          "width": "568",
        },
        "fixed_height_small": Object {
          "height": "100",
          "size": "460622",
          "url": "http://media2.giphy.com/media/FiGiRei2ICzzG/100.gif",
          "webp": "http://media2.giphy.com/media/FiGiRei2ICzzG/100.webp",
          "webp_size": "72748",
          "width": "284",
        },
        "fixed_height_small_still": Object {
          "height": "100",
          "url": "http://media2.giphy.com/media/FiGiRei2ICzzG/100_s.gif",
          "width": "284",
        },
        "fixed_height_still": Object {
          "height": "200",
          "url": "http://media2.giphy.com/media/FiGiRei2ICzzG/200_s.gif",
          "width": "568",
        },
        "fixed_width": Object {
          "height": "70",
          "mp4": "http://media2.giphy.com/media/FiGiRei2ICzzG/200w.mp4",
          "mp4_size": "14238",
          "size": "90483",
          "url": "http://media2.giphy.com/media/FiGiRei2ICzzG/200w.gif",
          "webp": "http://media2.giphy.com/media/FiGiRei2ICzzG/200w.webp",
          "webp_size": "47302",
          "width": "200",
        },
        "fixed_width_downsampled": Object {
          "height": "70",
          "size": "71069",
          "url": "http://media2.giphy.com/media/FiGiRei2ICzzG/200w_d.gif",
          "webp": "http://media2.giphy.com/media/FiGiRei2ICzzG/200w_d.webp",
          "webp_size": "13186",
          "width": "200",
        },
        "fixed_width_small": Object {
          "height": "35",
          "size": "90483",
          "url": "http://media2.giphy.com/media/FiGiRei2ICzzG/100w.gif",
          "webp": "http://media2.giphy.com/media/FiGiRei2ICzzG/100w.webp",
          "webp_size": "18298",
          "width": "100",
        },
        "fixed_width_small_still": Object {
          "height": "35",
          "url": "http://media2.giphy.com/media/FiGiRei2ICzzG/100w_s.gif",
          "width": "100",
        },
        "fixed_width_still": Object {
          "height": "70",
          "url": "http://media2.giphy.com/media/FiGiRei2ICzzG/200w_s.gif",
          "width": "200",
        },
        "original": Object {
          "frames": "22",
          "height": "176",
          "mp4": "http://media2.giphy.com/media/FiGiRei2ICzzG/giphy.mp4",
          "mp4_size": "51432",
          "size": "426811",
          "url": "http://media2.giphy.com/media/FiGiRei2ICzzG/giphy.gif",
          "webp": "http://media2.giphy.com/media/FiGiRei2ICzzG/giphy.webp",
          "webp_size": "291616",
          "width": "500",
        },
        "original_still": Object {
          "height": "176",
          "url": "http://media2.giphy.com/media/FiGiRei2ICzzG/giphy_s.gif",
          "width": "500",
        },
      },
      "import_datetime": "2014-01-18 09:14:20",
      "rating": "g",
      "slug": "funny-cat-FiGiRei2ICzzG",
      "source": "http://tumblr.com",
      "source_post_url": "http://tumblr.com",
      "source_tld": "tumblr.com",
      "title": "Funny Cat GIF",
      "trending_datetime": "1970-01-01 00:00:00",
      "type": "gif",
      "url": "http://giphy.com/gifs/funny-cat-FiGiRei2ICzzG",
      "username": "",
    }
  }
  store={
    Object {
      "clearActions": [Function],
      "dispatch": [Function],
      "getActions": [Function],
      "getState": [Function],
      "replaceReducer": [Function],
      "subscribe": [Function],
    }
  }
  storeSubscription={
    Subscription {
      "listeners": Object {
        "clear": [Function],
        "get": [Function],
        "notify": [Function],
        "subscribe": [Function],
      },
      "onStateChange": [Function],
      "parentSub": undefined,
      "store": Object {
        "clearActions": [Function],
        "dispatch": [Function],
        "getActions": [Function],
        "getState": [Function],
        "replaceReducer": [Function],
        "subscribe": [Function],
      },
      "unsubscribe": [Function],
    }
  }
/>
`;
