// Jest Snapshot v1, https://goo.gl/fbAQLP

exports[`GiphyList should render correctly 1`] = `
<MemoryRouter>
  <GiphyList
    dataSource={
      Object {
        "data": Array [
          Object {
            "bitly_gif_url": "https://gph.is/2qcEv2M",
            "bitly_url": "https://gph.is/2qcEv2M",
            "content_url": "",
            "embed_url": "https://giphy.com/embed/3bztNGb4XTnwxOgotG",
            "id": "3bztNGb4XTnwxOgotG",
            "images": Object {
              "480w_still": Object {
                "height": "270",
                "url": "https://media0.giphy.com/media/3bztNGb4XTnwxOgotG/480w_s.jpg",
                "width": "480",
              },
              "downsized": Object {
                "height": "270",
                "size": "1556485",
                "url": "https://media0.giphy.com/media/3bztNGb4XTnwxOgotG/giphy.gif",
                "width": "480",
              },
              "downsized_large": Object {
                "height": "270",
                "size": "1556485",
                "url": "https://media0.giphy.com/media/3bztNGb4XTnwxOgotG/giphy.gif",
                "width": "480",
              },
              "downsized_medium": Object {
                "height": "270",
                "size": "1556485",
                "url": "https://media0.giphy.com/media/3bztNGb4XTnwxOgotG/giphy.gif",
                "width": "480",
              },
              "downsized_small": Object {
                "height": "270",
                "mp4": "https://media0.giphy.com/media/3bztNGb4XTnwxOgotG/giphy-downsized-small.mp4",
                "mp4_size": "191415",
                "width": "480",
              },
              "downsized_still": Object {
                "height": "270",
                "size": "95193",
                "url": "https://media0.giphy.com/media/3bztNGb4XTnwxOgotG/giphy-downsized_s.gif",
                "width": "480",
              },
              "fixed_height": Object {
                "height": "200",
                "mp4": "https://media0.giphy.com/media/3bztNGb4XTnwxOgotG/200.mp4",
                "mp4_size": "75176",
                "size": "839125",
                "url": "https://media0.giphy.com/media/3bztNGb4XTnwxOgotG/200.gif",
                "webp": "https://media0.giphy.com/media/3bztNGb4XTnwxOgotG/200.webp",
                "webp_size": "172568",
                "width": "356",
              },
              "fixed_height_downsampled": Object {
                "height": "200",
                "size": "316095",
                "url": "https://media0.giphy.com/media/3bztNGb4XTnwxOgotG/200_d.gif",
                "webp": "https://media0.giphy.com/media/3bztNGb4XTnwxOgotG/200_d.webp",
                "webp_size": "61638",
                "width": "356",
              },
              "fixed_height_small": Object {
                "height": "100",
                "mp4": "https://media0.giphy.com/media/3bztNGb4XTnwxOgotG/100.mp4",
                "mp4_size": "45632",
                "size": "224834",
                "url": "https://media0.giphy.com/media/3bztNGb4XTnwxOgotG/100.gif",
                "webp": "https://media0.giphy.com/media/3bztNGb4XTnwxOgotG/100.webp",
                "webp_size": "64128",
                "width": "178",
              },
              "fixed_height_small_still": Object {
                "height": "100",
                "size": "15905",
                "url": "https://media0.giphy.com/media/3bztNGb4XTnwxOgotG/100_s.gif",
                "width": "178",
              },
              "fixed_height_still": Object {
                "height": "200",
                "size": "53389",
                "url": "https://media0.giphy.com/media/3bztNGb4XTnwxOgotG/200_s.gif",
                "width": "356",
              },
              "fixed_width": Object {
                "height": "113",
                "mp4": "https://media0.giphy.com/media/3bztNGb4XTnwxOgotG/200w.mp4",
                "mp4_size": "31518",
                "size": "274402",
                "url": "https://media0.giphy.com/media/3bztNGb4XTnwxOgotG/200w.gif",
                "webp": "https://media0.giphy.com/media/3bztNGb4XTnwxOgotG/200w.webp",
                "webp_size": "76074",
                "width": "200",
              },
              "fixed_width_downsampled": Object {
                "height": "113",
                "size": "109573",
                "url": "https://media0.giphy.com/media/3bztNGb4XTnwxOgotG/200w_d.gif",
                "webp": "https://media0.giphy.com/media/3bztNGb4XTnwxOgotG/200w_d.webp",
                "webp_size": "27014",
                "width": "200",
              },
              "fixed_width_small": Object {
                "height": "57",
                "mp4": "https://media0.giphy.com/media/3bztNGb4XTnwxOgotG/100w.mp4",
                "mp4_size": "12061",
                "size": "72074",
                "url": "https://media0.giphy.com/media/3bztNGb4XTnwxOgotG/100w.gif",
                "webp": "https://media0.giphy.com/media/3bztNGb4XTnwxOgotG/100w.webp",
                "webp_size": "27242",
                "width": "100",
              },
              "fixed_width_small_still": Object {
                "height": "57",
                "size": "6211",
                "url": "https://media0.giphy.com/media/3bztNGb4XTnwxOgotG/100w_s.gif",
                "width": "100",
              },
              "fixed_width_still": Object {
                "height": "113",
                "size": "19281",
                "url": "https://media0.giphy.com/media/3bztNGb4XTnwxOgotG/200w_s.gif",
                "width": "200",
              },
              "looping": Object {
                "mp4": "https://media0.giphy.com/media/3bztNGb4XTnwxOgotG/giphy-loop.mp4",
                "mp4_size": "1696420",
              },
              "original": Object {
                "frames": "17",
                "hash": "be8969113c5bb186d6e22fadda72ac9e",
                "height": "270",
                "mp4": "https://media0.giphy.com/media/3bztNGb4XTnwxOgotG/giphy.mp4",
                "mp4_size": "127017",
                "size": "1556485",
                "url": "https://media0.giphy.com/media/3bztNGb4XTnwxOgotG/giphy.gif",
                "webp": "https://media0.giphy.com/media/3bztNGb4XTnwxOgotG/giphy.webp",
                "webp_size": "304532",
                "width": "480",
              },
              "original_mp4": Object {
                "height": "270",
                "mp4": "https://media0.giphy.com/media/3bztNGb4XTnwxOgotG/giphy.mp4",
                "mp4_size": "127017",
                "width": "480",
              },
              "original_still": Object {
                "height": "270",
                "size": "95193",
                "url": "https://media0.giphy.com/media/3bztNGb4XTnwxOgotG/giphy_s.gif",
                "width": "480",
              },
              "preview": Object {
                "height": "136",
                "mp4": "https://media0.giphy.com/media/3bztNGb4XTnwxOgotG/giphy-preview.mp4",
                "mp4_size": "24070",
                "width": "241",
              },
              "preview_gif": Object {
                "height": "68",
                "size": "48823",
                "url": "https://media0.giphy.com/media/3bztNGb4XTnwxOgotG/giphy-preview.gif",
                "width": "121",
              },
              "preview_webp": Object {
                "height": "112",
                "size": "47494",
                "url": "https://media0.giphy.com/media/3bztNGb4XTnwxOgotG/giphy-preview.webp",
                "width": "199",
              },
            },
            "import_datetime": "2018-04-06 17:39:41",
            "isFavorite": true,
            "is_sticker": 0,
            "rating": "g",
            "saving": true,
            "slug": "cbs-lol-mom-3bztNGb4XTnwxOgotG",
            "source": "",
            "source_post_url": "",
            "source_tld": "",
            "title": "anna faris lol GIF by CBS",
            "trending_datetime": "2018-04-07 06:15:01",
            "type": "gif",
            "url": "https://giphy.com/gifs/cbs-lol-mom-3bztNGb4XTnwxOgotG",
            "user": Object {
              "avatar_url": "https://media.giphy.com/avatars/cbs/Ow00eLqoajbR.jpg",
              "banner_url": "https://media.giphy.com/headers/cbs/9tl9GSQXcvmD.jpg",
              "display_name": "CBS",
              "is_verified": true,
              "profile_url": "https://giphy.com/cbs/",
              "twitter": "@CBS",
              "username": "cbs",
            },
            "username": "cbs",
          },
          Object {
            "id": "ulKtDV83bDAz5kcXAW",
            "images": Object {
              "fixed_width": Object {
                "height": "356",
                "mp4": "https://media0.giphy.com/media/ulKtDV83bDAz5kcXAW/200w.mp4",
                "mp4_size": "263879",
                "size": "1923175",
                "url": "https://media0.giphy.com/media/ulKtDV83bDAz5kcXAW/200w.gif",
                "webp": "https://media0.giphy.com/media/ulKtDV83bDAz5kcXAW/200w.webp",
                "webp_size": "602334",
                "width": "200",
              },
              "original": Object {
                "frames": "45",
                "hash": "ef5ca4f048e3fb0840805d85ade6e04e",
                "height": "480",
                "mp4": "https://media0.giphy.com/media/ulKtDV83bDAz5kcXAW/giphy.mp4",
                "mp4_size": "411014",
                "size": "3238732",
                "url": "https://media0.giphy.com/media/ulKtDV83bDAz5kcXAW/giphy.gif",
                "webp": "https://media0.giphy.com/media/ulKtDV83bDAz5kcXAW/giphy.webp",
                "webp_size": "897330",
                "width": "270",
              },
            },
            "isFavorite": true,
            "saving": true,
            "title": "dog puppy GIF by Laurentian University",
            "type": "gif",
          },
        ],
        "error": "",
        "fetching": false,
        "pagination": Object {
          "count": 25,
          "offset": 1,
          "pages": 1,
          "total_count": 2,
        },
        "query": "",
        "selected2Add": Object {},
        "selectedID2remove": "",
      }
    }
  />
</MemoryRouter>
`;
