// Jest Snapshot v1, https://goo.gl/fbAQLP

exports[`<TileList /> renders properly 1`] = `
.c1 {
  width: 300px;
  height: 300px;
  position: relative;
  margin: 5px;
  -webkit-transition: 0.1s ease-in-out -webkit-transform;
  -webkit-transition: 0.1s ease-in-out transform;
  transition: 0.1s ease-in-out transform;
  border-radius: 2px;
  background: linear-gradient(to right,#eeeeee 8%,#dddddd 18%,#eeeeee 33%);
  -webkit-animation: 1.5s eNVqyK linear infinite;
  animation: 1.5s eNVqyK linear infinite;
  -webkit-animation-fill-mode: forwards;
  animation-fill-mode: forwards;
  background-size: 800px 104px;
  position: relative;
}

.c1:hover {
  -webkit-transform: scale(1.05);
  -ms-transform: scale(1.05);
  transform: scale(1.05);
}

.c0 {
  display: -webkit-box;
  display: -webkit-flex;
  display: -ms-flexbox;
  display: flex;
  width: 100vw;
  -webkit-flex-wrap: wrap;
  -ms-flex-wrap: wrap;
  flex-wrap: wrap;
  -webkit-box-pack: center;
  -webkit-justify-content: center;
  -ms-flex-pack: center;
  justify-content: center;
}

<div
  className="c0"
>
  <a
    href="/details/1"
    onClick={[Function]}
  >
    <div
      className="c1"
      height={300}
      width={300}
    />
  </a>
  <a
    href="/details/2"
    onClick={[Function]}
  >
    <div
      className="c1"
      height={300}
      width={300}
    />
  </a>
</div>
`;

exports[`<TileList /> renders the loader 1`] = `
.c0 {
  position: absolute;
  top: 0;
  right: 18px;
  width: 25px;
  height: 25px;
  border: 3px solid white;
  border-left-color: deepskyblue;
  border-radius: 50%;
  -webkit-animation: 1s linear iVXCSc infinite;
  animation: 1s linear iVXCSc infinite;
}

<div
  className="c0"
/>
`;
