// Jest Snapshot v1, https://goo.gl/fbAQLP

exports[`Gif list component should mark one gif as favorited 1`] = `
<div
  class="sc-bZQynM UAeAy"
>
  <div
    class="sc-bdVaJa kiwtFJ"
  >
    <div
      class="sc-htpNat dGyvgD"
    >
      <img
        alt="test"
        class="sc-ifAKCX fPKiWZ"
        src=""
      >
        
      </img>
      <div
        class="sc-bwzfXH heRxYP"
      >
        <span
          class="sc-EHOje gwryyh"
        >
          Title: test
        </span>
        <button
          id="fav-btn"
        >
          Remove from favorites
        </button>
        <a
          class="sc-bxivhb iFAgbD"
          href="/detail/123"
        >
          View detail
        </a>
      </div>
    </div>
  </div>
</div>
`;

exports[`Gif list component should render component connected 1`] = `
<Component
  addGif={[Function]}
  removeGif={[Function]}
  store={
    Object {
      "clearActions": [Function],
      "dispatch": [Function],
      "getActions": [Function],
      "getState": [Function],
      "replaceReducer": [Function],
      "subscribe": [Function],
    }
  }
  storeSubscription={
    Subscription {
      "listeners": Object {
        "clear": [Function],
        "get": [Function],
        "notify": [Function],
        "subscribe": [Function],
      },
      "onStateChange": [Function],
      "parentSub": undefined,
      "store": Object {
        "clearActions": [Function],
        "dispatch": [Function],
        "getActions": [Function],
        "getState": [Function],
        "replaceReducer": [Function],
        "subscribe": [Function],
      },
      "unsubscribe": [Function],
    }
  }
/>
`;

exports[`Gif list component should render correctly 1`] = `<styled.div />`;
