// Jest Snapshot v1, https://goo.gl/fbAQLP

exports[`ComponentFavorites test Should match snapshot 1`] = `
<div>
  <div
    className="sc-dnqmqq gSaoM"
  >
    <input
      className="sc-iwsKbI fBMWKb"
      id="searchFav"
      onChange={[Function]}
      placeholder="search"
      type="text"
    />
  </div>
</div>
`;
