// Jest Snapshot v1, https://goo.gl/fbAQLP

exports[`HomeView component should render component connected 1`] = `
<HomeView
  getTrendingGifsRequested={[Function]}
  searchGifsClear={[Function]}
  searchGifsRequested={[Function]}
  searchingGifs={
    Object {
      "data": Object {},
    }
  }
  store={
    Object {
      "clearActions": [Function],
      "dispatch": [Function],
      "getActions": [Function],
      "getState": [Function],
      "replaceReducer": [Function],
      "subscribe": [Function],
    }
  }
  storeSubscription={
    Subscription {
      "listeners": Object {
        "clear": [Function],
        "get": [Function],
        "notify": [Function],
        "subscribe": [Function],
      },
      "onStateChange": [Function],
      "parentSub": undefined,
      "store": Object {
        "clearActions": [Function],
        "dispatch": [Function],
        "getActions": [Function],
        "getState": [Function],
        "replaceReducer": [Function],
        "subscribe": [Function],
      },
      "unsubscribe": [Function],
    }
  }
  trendingGifs={
    Object {
      "data": Object {},
    }
  }
/>
`;

exports[`HomeView component should render correctly 1`] = `
<styled.div>
  <SearchBar
    onSearch={[Function]}
  />
  <Connect(Component)
    gifs={Array []}
  />
</styled.div>
`;
